element_symbol	contig_acc	start	stop	orientation	lesion_type	aa_identity	nt_identity	ref_accession	lesion_location
nalD	
