
element_symbol	contig_acc	start	stop	orientation	lesion_type	aa_identity	nt_identity	ref_accession	lesion_location
ampD	DAHNQV010000008.1	37096	37659	+	INTERNAL_STOP	97%		AAG07910.1	108
